Using network 'development'.

Compiling ./contracts/ApplicationAsset.sol...
Compiling ./contracts/ApplicationEntity.sol...
Compiling ./contracts/Entity/Funding.sol...
Compiling ./contracts/Entity/FundingVault.sol...
Compiling ./contracts/Entity/GeneralVault.sol...
Compiling ./contracts/Entity/ListingContract.sol...
Compiling ./contracts/Entity/Meetings.sol...
Compiling ./contracts/Entity/Milestones.sol...
Compiling ./contracts/Entity/Proposals.sol...
Compiling ./contracts/Entity/Token.sol...
Compiling ./contracts/Entity/TokenManager.sol...
Compiling ./contracts/GatewayInterface.sol...
Compiling ./contracts/Inputs/FundingInputDirect.sol...
Compiling ./contracts/Inputs/FundingInputGeneral.sol...
Compiling ./contracts/Inputs/FundingInputMilestone.sol...
Compiling ./contracts/library/FundingVaultLib.sol...
Compiling ./contracts/misc/Migrations.sol...
Compiling ./contracts/zeppelin/math/Math.sol...
Compiling ./contracts/zeppelin/math/SafeMath.sol...
Compiling ./contracts/zeppelin/token/BasicToken.sol...
Compiling ./contracts/zeppelin/token/ERC20.sol...
Compiling ./contracts/zeppelin/token/ERC20Basic.sol...
Compiling ./contracts/zeppelin/token/StandardToken.sol...
Compiling ./test/helpers/ExecutionTarget.sol...
Compiling ./test/helpers/SolidityAccountUtils.sol...
Compiling ./test/mocks/EmptyStub.sol...
Compiling ./test/mocks/GenericCaller.sol...
Compiling ./test/mocks/SafeMathMock.sol...
Compiling ./test/mocks/SampleRecipientSuccess.sol...
Compiling ./test/mocks/SampleRecipientThrow.sol...
Compiling ./test/mocks/TestApplicationAsset.sol...
Compiling ./test/mocks/TestApplicationEntity.sol...
Compiling ./test/mocks/TestERC20Caller.sol...
Compiling ./test/mocks/TestFunding.sol...
Compiling ./test/mocks/TestFundingInputMock.sol...
Compiling ./test/mocks/TestFundingVault.sol...
Compiling ./test/mocks/TestGatewayInterface.sol...
Compiling ./test/mocks/TestGeneralVault.sol...
Compiling ./test/mocks/TestListingContract.sol...
Compiling ./test/mocks/TestMeetings.sol...
Compiling ./test/mocks/TestMilestones.sol...
Compiling ./test/mocks/TestProposals.sol...
Compiling ./test/mocks/TestToken.sol...
Compiling ./test/mocks/TestTokenManager.sol...

Compilation warnings encountered:

/Volumes/Dev/ico/dev/contracts/Entity/Funding.sol:303:5: Warning: No visibility specified. Defaulting to "public".
    function getMilestoneAssetAddressFromApp() returns(address) {
    ^
Spanning multiple lines.
,/Volumes/Dev/ico/dev/contracts/Entity/Funding.sol:303:5: Warning: Function state mutability can be restricted to view
    function getMilestoneAssetAddressFromApp() returns(address) {
    ^
Spanning multiple lines.
,/Volumes/Dev/ico/dev/contracts/Inputs/FundingInputGeneral.sol:45:5: Warning: Function state mutability can be restricted to view
    function isContract(address addr) internal returns (bool) {
    ^
Spanning multiple lines.


[1;37m  ----------------------------------------------------------------
  Stage 1 - Initial Gateway and Application Deployment
  ----------------------------------------------------------------
 [0m
[1;37m   Deploy Token [0m
[1;37m   Deploy GatewayInterface [0m
[1;37m   Deploy Assets [0m
[1;37m     Asset: Proposals [0m
[1;37m     Asset: Funding [0m
[1;37m     Asset: Milestones [0m
[1;37m     Asset: Meetings [0m
[1;37m     Asset: GeneralVault [0m
[1;37m     Asset: TokenManager [0m
[1;37m     Asset: ListingContract [0m
[1;37m   Deploy ApplicationEntity [0m
[1;37m   Link assets to ApplicationEntity [0m
[1;37m     Successfully linked: [0;32mProposals                        [0m
[1;37m     Successfully linked: [0;32mFunding                          [0m
[1;37m     Successfully linked: [0;32mMilestones                       [0m
[1;37m     Successfully linked: [0;32mMeetings                         [0m
[1;37m     Successfully linked: [0;32mGeneralVault                     [0m
[1;37m     Successfully linked: [0;32mTokenManager                     [0m
[1;37m     Successfully linked: [0;32mListingContract                  [0m
[1;37m   Link ApplicationEntity to GatewayInterface [0m
[1;37m     [0;32mEventAppEntityReady => 1[0m [0m
[1;37m 
  ----------------------------------------------------------------
  Stage 1 - DONE
  ----------------------------------------------------------------
 [0m
[1;37m  Entities:
  ----------------------------------------------------------------
 [0m
[1;37m     GatewayInterface: 0x3a1749a8b1777a7bbac3c07dae0673001f597832 [0m
[1;37m     ApplicationEntity: 0x331daaab9a2f2f1298e81681386558b494cbe14f [0m
[1;37m       Proposals: 0xfbff0bc47a7f35375b86bef52f491b275e5a7dc2 [0m
[1;37m       Funding: 0x8f16c15dd1c3fd6f7258cf2f3773853b9e4eea52 [0m
[1;37m       Milestones: 0x6079ecf2274e29e72420f76c17a6d4fcaba6d67e [0m
[1;37m       Meetings: 0x33a10bdee965a6952b42008232e35a07be4fa64e [0m
[1;37m       GeneralVault: 0x0940cf4aa141e7cc25ea9ea6499c3dbfb47a91a7 [0m
[1;37m       TokenManager: 0x0797177cb7f3b975e1abc43e576d65a8f458a1ca [0m
[1;37m       ListingContract: 0xe1e5830621675151f02f0f030a629978a036efdc [0m
[1;37m 
  ---------------------------------------------------------------- [0m
[1;37m   Running test collections [[0;33m8[0m]. [0m
[1;37m  ---------------------------------------------------------------- [0m

[0m[0m
[0m  Contract: SafeMath[0m
  [32m  âœ“[0m[90m multiplies correctly[0m[33m (49ms)[0m
  [32m  âœ“[0m[90m adds correctly[0m
  [32m  âœ“[0m[90m subtracts correctly[0m[33m (45ms)[0m
  [32m  âœ“[0m[90m should throw an error if subtraction result would be negative[0m[31m (80ms)[0m
  [32m  âœ“[0m[90m should throw an error on addition overflow[0m
  [32m  âœ“[0m[90m should throw an error on multiplication overflow[0m

[0m  Contract: ERC20 Token[0m
  [32m  âœ“[0m[90m creation: should create an initial balance of 10000 for the creator[0m
  [32m  âœ“[0m[90m creation: test correct setting of vanity information[0m[31m (112ms)[0m
  [32m  âœ“[0m[90m creation: should succeed in creating over 2^256 - 1 (max) tokens[0m[33m (63ms)[0m
  [32m  âœ“[0m[90m transfers: ether transfer should be reversed.[0m
  [32m  âœ“[0m[90m transfers: should transfer 10000 to accounts[1] with accounts[0] having 10000[0m[33m (45ms)[0m
  [32m  âœ“[0m[90m transfers: should fail when trying to transfer 10001 to accounts[1] with accounts[0] having 10000[0m
  [32m  âœ“[0m[90m transfers: should handle zero-transfers normally[0m[33m (45ms)[0m
  [32m  âœ“[0m[90m transfers: should throw if receiver address is 0x0[0m
  [32m  âœ“[0m[90m transferFrom: should throw if receiver address is 0x0[0m[33m (39ms)[0m
  [32m  âœ“[0m[90m transfer: msg.sender should transfer 100 to SampleRecipient and then NOTIFY SampleRecipient. It should succeed.[0m[31m (96ms)[0m
  [32m  âœ“[0m[90m transfer: msg.sender should transfer 100 to SampleRecipient and then NOTIFY SampleRecipient and throw if called as view method.[0m[33m (43ms)[0m
  [32m  âœ“[0m[90m approvals: msg.sender should approve 100 to accounts[1][0m[33m (45ms)[0m
  [32m  âœ“[0m[90m approvals: msg.sender approves accounts[1] of 100 & withdraws 20 once.[0m[31m (238ms)[0m
  [32m  âœ“[0m[90m approvals: msg.sender approves accounts[1] of 100 & withdraws 20 twice.[0m[31m (223ms)[0m
  [32m  âœ“[0m[90m approvals: msg.sender approves accounts[1] of 100 & withdraws 50 & 60 (2nd tx should fail)[0m[31m (178ms)[0m
  [32m  âœ“[0m[90m approvals: attempt withdrawal from account with no allowance (should fail)[0m[33m (51ms)[0m
  [32m  âœ“[0m[90m approvals: allow accounts[1] 100 to withdraw from accounts[0]. Withdraw 60 and then approve 0 & attempt transfer.[0m[33m (68ms)[0m
  [32m  âœ“[0m[90m approvals: approve max (2^256 - 1)[0m[33m (44ms)[0m
  [32m  âœ“[0m[90m approvals: msg.sender approves accounts[1] of max (2^256 - 1) & withdraws 20[0m[31m (157ms)[0m
  [32m  âœ“[0m[90m allowance: should start with zero[0m
  [32m  âœ“[0m[90m allowance: should increase by 50 then decrease by 10[0m[31m (85ms)[0m
  [32m  âœ“[0m[90m allowance: should be set to zero if decrease value is higher than existing[0m[33m (62ms)[0m
  [32m  âœ“[0m[90m events: should fire Transfer event properly[0m
  [32m  âœ“[0m[90m events: should fire Transfer event normally on a zero transfer[0m
  [32m  âœ“[0m[90m events: should fire Approval event properly[0m

[0m  Contract: Gateway Interface[0m
  [32m  âœ“[0m[90m initializes with empty properties[0m[33m (49ms)[0m
[0m    requestCodeUpgrade()[0m
    [32m  âœ“[0m[90m throws if address is empty ( 0x0 )[0m
    [32m  âœ“[0m[90m throws if calling object misses the initialize() method[0m
    [32m  âœ“[0m[90m links Application if valid[0m[33m (42ms)[0m
    [32m  âœ“[0m[90m creates "Upgrade Proposal" if a previous Application is already linked[0m[31m (162ms)[0m
[0m    approveCodeUpgrade()[0m
    [32m  âœ“[0m[90m throws if sender is not current Application[0m
    [32m  âœ“[0m[90m works if sender is current Application[0m[31m (169ms)[0m

[0m  Contract: Application Assets[0m
[0m    setInitialOwnerAndName()[0m
    [32m  âœ“[0m[90m works if linking an asset for the first time[0m[33m (61ms)[0m
    [32m  âœ“[0m[90m throws if already owned[0m
[0m    transferToNewOwner()[0m
    [32m  âœ“[0m[90m throws if called when internal owner address is invalid[0m
    [32m  âœ“[0m[90m throws if owned and called by other address[0m
    [32m  âœ“[0m[90m works if current caller is owner and requested address is not 0x0[0m[33m (56ms)[0m

[0m  Contract: Application Entity[0m
  [32m  âœ“[0m[90m initializes with empty properties[0m[33m (56ms)[0m
[0m    initialize()[0m
    [32m  âœ“[0m[90m throws if called when already initialized[0m[31m (105ms)[0m
    [32m  âœ“[0m[90m throws if called with owner missing ( gateway )[0m
    [32m  âœ“[0m[90m works if owner is set, and it's the one calling[0m[33m (53ms)[0m
[0m    lock()[0m
    [32m  âœ“[0m[90m throws if sender is not gateway[0m
    [32m  âœ“[0m[90m works if sender is gateway[0m[33m (51ms)[0m
[0m    linkToGateway()[0m
    [32m  âœ“[0m[90m throws if called when owner already exists[0m
    [32m  âœ“[0m[90m throws if called when already initialized[0m
    [32m  âœ“[0m[90m will emit EventAppEntityReady on initial linking[0m
    [32m  âœ“[0m[90m will emit EventProposalsCodeUpgradeNew if a previous ApplicationEntity is already linked[0m[31m (149ms)[0m
[0m    addAsset[AssetName]()[0m
    [32m  âœ“[0m[90m throws if called when already initialized[0m[33m (53ms)[0m
    [32m  âœ“[0m[90m linking an asset will emit EventAppEntityInitAsset event[0m[33m (48ms)[0m
    [32m  âœ“[0m[90m linking all assets will emit the same number of EventAppEntityInitAsset events[0m[31m (186ms)[0m
[0m    initializeAssetsToThisApplication()[0m
    [32m  âœ“[0m[90m throws if not an asset[0m[31m (77ms)[0m
    [32m  âœ“[0m[90m throws if caller is not gateway[0m

[0m  Contract: Gateway and Application Integration[0m
  [32m  âœ“[0m[90m initial deployment[0m[31m (77ms)[0m
  [32m  âœ“[0m[90m first linking[0m[31m (130ms)[0m
[0m    Application upgrades[0m
    [32m  âœ“[0m[90m first upgrade[0m[31m (210ms)[0m
    [32m  âœ“[0m[90m second upgrade[0m[31m (444ms)[0m

[0m  Contract: Funding Vault[0m
  [32m  âœ“[0m[90m initializes with empty properties[0m[31m (94ms)[0m
[0m    initialize()[0m
    [32m  âœ“[0m[90m throws if called when already initialized[0m
    [32m  âœ“[0m[90m works if settings are correct and has not been initialized before[0m[31m (103ms)[0m
[0m    addPayment()[0m
    [32m  âœ“[0m[90m FUNDING_DIRECT_METHOD - works with correct settings and caller[0m[31m (182ms)[0m
    [32m  âœ“[0m[90m FUNDING_MILESTONE_METHOD - works with correct settings and caller[0m[31m (147ms)[0m
    [32m  âœ“[0m[90m throws if msg.value is missing[0m
    [32m  âœ“[0m[90m throws if payment method does not exist[0m
[1;37m        TestRPC Balances:  [0m
[1;37m       [0] 0x9f2e2dca5040e66be2442e12071423e80031430e: 97.9922331549 [0m
[1;37m       [1] 0xbe82481362f906aeb0e9c67b4f823b90c0a65e1f: 100 [0m
[1;37m       [2] 0x74c9732a142020c36c59e7b76338652c912f32de: 100 [0m
[1;37m       [3] 0x61e755ba09b840b43c2da6a43340916ad1ebae9b: 100 [0m
[1;37m       [4] 0xc4896a80990fd6bec6c8588708b04775fc618782: 100 [0m
[1;37m       [5] 0x1a5e202e73a3d9f344f216a5272147fa310bfa9e: 100 [0m
[1;37m       [6] 0xb3ff89ad73e66c16584e0f25cfd3e72b4d304e79: 100 [0m
[1;37m       [7] 0x46a16175023521eca4abb7da69631817ead63510: 100 [0m
[1;37m       [8] 0x23dd7a6c7cac1f072113d50939f076d60266da7a: 100 [0m
[1;37m       [9] 0x073c4a34aed2e3ac79ed50e69ed9d6cd56b8e867: 100 [0m
    [32m  âœ“[0m[90m throws if called by other address than manager (funding contract)[0m[31m (464ms)[0m
    [32m  âœ“[0m[90m handles multiple payments, irregardless of funding method provided[0m[31m (81ms)[0m

[0m  Contract: Funding Asset[0m
  [32m  âœ“[0m[90m deploys with no Funding Stages[0m
  [32m  âœ“[0m[90m deploys with no multiSigOutputAddress[0m
  [32m  âœ“[0m[90m deploys with no Funding Inputs[0m[33m (60ms)[0m
[0m    addSettings()[0m
    [32m  âœ“[0m[90m throws if called when already initialized[0m
    [32m  âœ“[0m[90m properly sets up the multiSigOutputAddress[0m[33m (44ms)[0m
[0m    first funding stage[0m
    [32m  âœ“[0m[90m successfully creates a funding stage with proper settings[0m[33m (57ms)[0m
    [32m  âœ“[0m[90m throws if end time is before or equal to start time[0m
    [32m  âœ“[0m[90m throws if soft cap is higher than hard cap[0m
    [32m  âœ“[0m[90m throws if hard cap is 0[0m
    [32m  âœ“[0m[90m throws if token selling percentage is higher than 100%[0m
[0m      when at least 1 funding stage already exists[0m
      [32m  âœ“[0m[90m successfully creates the second funding stage with proper settings[0m[33m (64ms)[0m
      [32m  âœ“[0m[90m throws if new funding stage start time overlaps existing stage[0m
      [32m  âœ“[0m[90m throws if new funding stage + existing stage sell more than 100% of tokens[0m
[0m    funding stages added, asset initialized[0m
    [32m  âœ“[0m[90m has correct Funding Inputs after ApplicationEntity grabs asset ownership and initializes it[0m[33m (50ms)[0m
[0m      receivePayment()[0m
      [32m  âœ“[0m[90m throws if called directly in the Funding contract[0m
      [32m  âœ“[0m[90m throws if _payment_method is not allowed[0m[31m (76ms)[0m
[0m      Funding Input: All[0m
      [32m  âœ“[0m[90m has correct FundingAssetAddress[0m
      [32m  âœ“[0m[90m throws if msg.value is missing[0m
      [32m  âœ“[0m[90m throws if FundingAssetAddress is not set[0m[33m (52ms)[0m
      [32m  âœ“[0m[90m throws if FundingAsset is not pointing to a Contract[0m[33m (38ms)[0m
[0m        Funding Input: Direct[0m
        [32m  âœ“[0m[90m has correct type id = 1[0m
[1;37m            â†“ Direct Payment: GAS USAGE: [0;35m730003 [0m
        [32m  âœ“[0m[90m accepts payments using fallback () method and stores in valut's direct pool[0m[31m (116ms)[0m
[1;37m            â†“ First Direct Payment: GAS USAGE: [0;35m730003 [0m
[1;37m            â†“ Second Direct Payment: GAS USAGE: [0;35m144051 [0m
        [32m  âœ“[0m[90m accepts second payment from same investor[0m[31m (174ms)[0m
        [32m  âœ“[0m[90m accepts second payment from same investor using both payment methods ( Direct & Milestone )[0m[31m (171ms)[0m
[0m        Funding Input: Milestone[0m
        [32m  âœ“[0m[90m has correct type id = 2[0m
[1;37m            â†“ Milestone Payment: GAS USAGE: [0;35m730355 [0m
        [32m  âœ“[0m[90m accepts payments using fallback () method and stores in valut's milestone pool[0m[31m (112ms)[0m


[92m [0m[32m 97 passing[0m[90m (16s)[0m

